// Jest Snapshot v1, https://goo.gl/fbAQLP

exports[`babel --no-clean will not clean the outDir 1`] = `babel --out-dir dist --copy-files --ignore __tests__,__mocks__ --presets <PROJECT_ROOT>/src/config/babelrc.js src --no-clean`;

exports[`babel --no-color will disable colored output 1`] = `babel --out-dir dist --copy-files --ignore __tests__,__mocks__ --presets <PROJECT_ROOT>/src/config/babelrc.js src --no-color`;

exports[`babel --no-copy-files will not copy the files 1`] = `babel --out-dir dist --ignore __tests__,__mocks__ --presets <PROJECT_ROOT>/src/config/babelrc.js src --no-copy-files`;

exports[`babel --out-dir will use the specified out dir 1`] = `babel --copy-files --ignore __tests__,__mocks__ --presets <PROJECT_ROOT>/src/config/babelrc.js src --out-dir ./.tmp/build`;

exports[`babel calls babel CLI with default args 1`] = `babel --out-dir dist --copy-files --ignore __tests__,__mocks__ --presets <PROJECT_ROOT>/src/config/babelrc.js src`;

exports[`babel does not use built-in config with .babelrc file 1`] = `babel --out-dir dist --copy-files --ignore __tests__,__mocks__ src`;

exports[`babel does not use built-in config with --presets 1`] = `babel --out-dir dist --copy-files --ignore __tests__,__mocks__ src --presets ./custom-presets.js`;

exports[`babel does not use built-in config with babel pkg prop 1`] = `babel --out-dir dist --copy-files --ignore __tests__,__mocks__ src`;

exports[`babel does not use built-in ignore with --ignore 1`] = `babel --out-dir dist --copy-files --presets <PROJECT_ROOT>/src/config/babelrc.js src --ignore __custom__`;
