// Jest Snapshot v1, https://goo.gl/fbAQLP

exports[`build calls node with --bundle 1`] = `concurrently --names esm,cjs,umd,umd.min "cross-env BUILD_ROLLUP=true BUILD_FORMAT=esm BUILD_MINIFY=false NODE_ENV=development  rollup --config" "cross-env BUILD_ROLLUP=true BUILD_FORMAT=cjs BUILD_MINIFY=false NODE_ENV=development  rollup --config" "cross-env BUILD_ROLLUP=true BUILD_FORMAT=umd BUILD_MINIFY=false NODE_ENV=development  rollup --config --sourcemap" "cross-env BUILD_ROLLUP=true BUILD_FORMAT=umd BUILD_MINIFY=true NODE_ENV=production  rollup --config --sourcemap"`;

exports[`build calls node with --pack 1`] = `babel --out-dir dist --copy-files --ignore __tests__,__mocks__ --presets <PROJECT_ROOT>/src/config/babelrc.js src --pack`;

exports[`build calls node with default args 1`] = `babel --out-dir dist --copy-files --ignore __tests__,__mocks__ --presets <PROJECT_ROOT>/src/config/babelrc.js src`;
