// Jest Snapshot v1, https://goo.gl/fbAQLP

exports[`format --no-write prevents --write argument from being added 1`] = `prettier --config ./src/config/prettierrc.js --ignore-path ./src/config/prettierignore **/*.+(js|jsx|json|css|ts|md)`;

exports[`format calls prettier CLI with args 1`] = `prettier --config ./src/config/prettierrc.js --ignore-path ./src/config/prettierignore --write my-src/**/*.js`;

exports[`format calls prettier CLI with default args 1`] = `prettier --config ./src/config/prettierrc.js --ignore-path ./src/config/prettierignore --write **/*.+(js|jsx|json|css|ts|md)`;

exports[`format does not use built-in config with .prettierrc file 1`] = `prettier --ignore-path ./src/config/prettierignore --write **/*.+(js|jsx|json|css|ts|md)`;

exports[`format does not use built-in config with --config 1`] = `prettier --ignore-path ./src/config/prettierignore --write **/*.+(js|jsx|json|css|ts|md)`;

exports[`format does not use built-in config with prettier.config.js file 1`] = `prettier --ignore-path ./src/config/prettierignore --write **/*.+(js|jsx|json|css|ts|md)`;

exports[`format does not use built-in config with prettierrc pkg prop 1`] = `prettier --ignore-path ./src/config/prettierignore --write **/*.+(js|jsx|json|css|ts|md)`;

exports[`format does not use built-in ignore with --ignore-path 1`] = `prettier --config ./src/config/prettierrc.js --write **/*.+(js|jsx|json|css|ts|md)`;
