// Jest Snapshot v1, https://goo.gl/fbAQLP

exports[`lint --no-cache will disable caching 1`] = `eslint --config ./src/config/eslintrc.js --no-cache --ignore-path ./my-ignore .`;

exports[`lint calls eslint CLI with default args 1`] = `eslint --config ./src/config/eslintrc.js --ignore-path ./src/config/eslintignore --cache .`;

exports[`lint does not use built-in config with .eslintrc file 1`] = `eslint --cache --ignore-path ./my-ignore .`;

exports[`lint does not use built-in config with --config 1`] = `eslint --cache --config ./custom-config.js --ignore-path ./my-ignore .`;

exports[`lint does not use built-in config with eslintConfig pkg prop 1`] = `eslint --cache --ignore-path ./my-ignore .`;

exports[`lint does not use built-in config with eslintrc.js file 1`] = `eslint --config ./src/config/eslintrc.js --cache --ignore-path ./my-ignore .`;

exports[`lint does not use built-in ignore with .eslintignore file 1`] = `eslint --config ./src/config/eslintrc.js --cache .`;

exports[`lint does not use built-in ignore with --ignore-path 1`] = `eslint --config ./src/config/eslintrc.js --cache --ignore-path ./my-ignore .`;
