// Jest Snapshot v1, https://goo.gl/fbAQLP

exports[`rollup --environment will pass the environment 1`] = `concurrently --names esm,cjs,umd,umd.min "cross-env BUILD_ROLLUP=true BUILD_FORMAT=esm BUILD_MINIFY=false NODE_ENV=development  rollup --config --environment production" "cross-env BUILD_ROLLUP=true BUILD_FORMAT=cjs BUILD_MINIFY=false NODE_ENV=development  rollup --config --environment production" "cross-env BUILD_ROLLUP=true BUILD_FORMAT=umd BUILD_MINIFY=false NODE_ENV=development  rollup --config --environment production --sourcemap" "cross-env BUILD_ROLLUP=true BUILD_FORMAT=umd BUILD_MINIFY=true NODE_ENV=production  rollup --config --environment production --sourcemap"`;

exports[`rollup --no-clean will not clean the dist directory 1`] = `concurrently --names esm,cjs,umd,umd.min "cross-env BUILD_ROLLUP=true BUILD_FORMAT=esm BUILD_MINIFY=false NODE_ENV=development  rollup --config" "cross-env BUILD_ROLLUP=true BUILD_FORMAT=cjs BUILD_MINIFY=false NODE_ENV=development  rollup --config" "cross-env BUILD_ROLLUP=true BUILD_FORMAT=umd BUILD_MINIFY=false NODE_ENV=development  rollup --config --sourcemap" "cross-env BUILD_ROLLUP=true BUILD_FORMAT=umd BUILD_MINIFY=true NODE_ENV=production  rollup --config --sourcemap"`;

exports[`rollup calls rollup CLI with default args 1`] = `concurrently --names esm,cjs,umd,umd.min "cross-env BUILD_ROLLUP=true BUILD_FORMAT=esm BUILD_MINIFY=false NODE_ENV=development  rollup --config" "cross-env BUILD_ROLLUP=true BUILD_FORMAT=cjs BUILD_MINIFY=false NODE_ENV=development  rollup --config" "cross-env BUILD_ROLLUP=true BUILD_FORMAT=umd BUILD_MINIFY=false NODE_ENV=development  rollup --config --sourcemap" "cross-env BUILD_ROLLUP=true BUILD_FORMAT=umd BUILD_MINIFY=true NODE_ENV=production  rollup --config --sourcemap"`;

exports[`rollup does not use built-in config with --config 1`] = `concurrently --names esm,cjs,umd,umd.min "cross-env BUILD_ROLLUP=true BUILD_FORMAT=esm BUILD_MINIFY=false NODE_ENV=development  rollup" "cross-env BUILD_ROLLUP=true BUILD_FORMAT=cjs BUILD_MINIFY=false NODE_ENV=development  rollup" "cross-env BUILD_ROLLUP=true BUILD_FORMAT=umd BUILD_MINIFY=false NODE_ENV=development  rollup --sourcemap" "cross-env BUILD_ROLLUP=true BUILD_FORMAT=umd BUILD_MINIFY=true NODE_ENV=production  rollup --sourcemap"`;

exports[`rollup does not use built-in config with rollup.config.js file 1`] = `concurrently --names esm,cjs,umd,umd.min "cross-env BUILD_ROLLUP=true BUILD_FORMAT=esm BUILD_MINIFY=false NODE_ENV=development  rollup --config" "cross-env BUILD_ROLLUP=true BUILD_FORMAT=cjs BUILD_MINIFY=false NODE_ENV=development  rollup --config" "cross-env BUILD_ROLLUP=true BUILD_FORMAT=umd BUILD_MINIFY=false NODE_ENV=development  rollup --config --sourcemap" "cross-env BUILD_ROLLUP=true BUILD_FORMAT=umd BUILD_MINIFY=true NODE_ENV=production  rollup --config --sourcemap"`;

exports[`rollup watches with --watch 1`] = `concurrently --names esm,cjs,umd,umd.min "cross-env BUILD_ROLLUP=true BUILD_FORMAT=esm BUILD_MINIFY=false NODE_ENV=development  rollup --config --watch" "cross-env BUILD_ROLLUP=true BUILD_FORMAT=cjs BUILD_MINIFY=false NODE_ENV=development  rollup --config --watch" "cross-env BUILD_ROLLUP=true BUILD_FORMAT=umd BUILD_MINIFY=false NODE_ENV=development  rollup --config --watch --sourcemap" "cross-env BUILD_ROLLUP=true BUILD_FORMAT=umd BUILD_MINIFY=true NODE_ENV=production  rollup --config --watch --sourcemap"`;
